\BOOKMARK [1][-]{section*.1}{\376\377\000A\000b\000s\000t\000r\000a\000c\000t}{}% 1
\BOOKMARK [1][-]{section*.6}{\376\377\000N\000o\000t\000a\000t\000i\000o\000n\000\040\000a\000n\000d\000\040\000r\000e\000a\000d\000i\000n\000g\000\040\000c\000o\000n\000v\000e\000n\000t\000i\000o\000n\000s}{}% 2
\BOOKMARK [1][-]{section.1}{\376\377\0001\000\040\000I\000n\000t\000r\000o\000d\000u\000c\000t\000i\000o\000n}{}% 3
\BOOKMARK [2][-]{subsection.1.1}{\376\377\0001\000.\0001\000\040\000P\000r\000o\000b\000l\000e\000m\000\040\000a\000n\000d\000\040\000m\000o\000t\000i\000v\000a\000t\000i\000o\000n}{section.1}% 4
\BOOKMARK [2][-]{subsection.1.2}{\376\377\0001\000.\0002\000\040\000R\000e\000s\000e\000a\000r\000c\000h\000\040\000q\000u\000e\000s\000t\000i\000o\000n\000s}{section.1}% 5
\BOOKMARK [2][-]{subsection.1.3}{\376\377\0001\000.\0003\000\040\000C\000o\000m\000p\000l\000e\000t\000e\000d\000\040\000c\000o\000n\000t\000r\000i\000b\000u\000t\000i\000o\000n\000s}{section.1}% 6
\BOOKMARK [2][-]{subsection.1.4}{\376\377\0001\000.\0004\000\040\000O\000r\000g\000a\000n\000i\000z\000a\000t\000i\000o\000n}{section.1}% 7
\BOOKMARK [1][-]{section.2}{\376\377\0002\000\040\000R\000e\000l\000a\000t\000e\000d\000\040\000w\000o\000r\000k\000\040\000a\000n\000d\000\040\000c\000o\000n\000t\000r\000i\000b\000u\000t\000i\000o\000n\000\040\000b\000o\000u\000n\000d\000a\000r\000i\000e\000s}{}% 8
\BOOKMARK [2][-]{subsection.2.1}{\376\377\0002\000.\0001\000\040\000R\000a\000n\000k\000i\000n\000g\000,\000\040\000f\000e\000d\000e\000r\000a\000t\000i\000o\000n\000,\000\040\000a\000n\000d\000\040\000p\000r\000i\000v\000a\000t\000e\000\040\000c\000o\000l\000l\000a\000b\000o\000r\000a\000t\000i\000v\000e\000\040\000l\000e\000a\000r\000n\000i\000n\000g}{section.2}% 9
\BOOKMARK [2][-]{subsection.2.2}{\376\377\0002\000.\0002\000\040\000P\000e\000r\000s\000o\000n\000a\000l\000i\000z\000a\000t\000i\000o\000n\000\040\000a\000n\000d\000\040\000p\000u\000b\000l\000i\000c\000\040\000i\000n\000f\000o\000r\000m\000a\000t\000i\000o\000n}{section.2}% 10
\BOOKMARK [2][-]{subsection.2.3}{\376\377\0002\000.\0003\000\040\000L\000o\000w\000-\000r\000a\000n\000k\000\040\000g\000e\000o\000m\000e\000t\000r\000y\000\040\000a\000n\000d\000\040\000f\000i\000x\000e\000d\000-\000f\000a\000c\000t\000o\000r\000\040\000m\000e\000t\000h\000o\000d\000s}{section.2}% 11
\BOOKMARK [2][-]{subsection.2.4}{\376\377\0002\000.\0004\000\040\000N\000o\000i\000s\000e\000\040\000p\000r\000o\000p\000a\000g\000a\000t\000i\000o\000n\000\040\000a\000n\000d\000\040\000r\000a\000n\000k\000i\000n\000g\000\040\000s\000t\000a\000b\000i\000l\000i\000t\000y}{section.2}% 12
\BOOKMARK [2][-]{subsection.2.5}{\376\377\0002\000.\0005\000\040\000H\000o\000w\000\040\000t\000h\000e\000\040\000l\000i\000t\000e\000r\000a\000t\000u\000r\000e\000\040\000w\000a\000s\000\040\000u\000s\000e\000d}{section.2}% 13
\BOOKMARK [1][-]{section.3}{\376\377\0003\000\040\000P\000r\000o\000b\000l\000e\000m\000\040\000f\000o\000r\000m\000u\000l\000a\000t\000i\000o\000n\000\040\000a\000n\000d\000\040\000p\000r\000i\000v\000a\000c\000y\000\040\000m\000o\000d\000e\000l}{}% 14
\BOOKMARK [2][-]{subsection.3.1}{\376\377\0003\000.\0001\000\040\000P\000e\000r\000s\000o\000n\000a\000l\000i\000z\000e\000d\000\040\000i\000m\000p\000l\000i\000c\000i\000t\000-\000f\000e\000e\000d\000b\000a\000c\000k\000\040\000r\000a\000n\000k\000i\000n\000g}{section.3}% 15
\BOOKMARK [2][-]{subsection.3.2}{\376\377\0003\000.\0002\000\040\000P\000r\000o\000t\000e\000c\000t\000e\000d\000\040\000i\000n\000f\000o\000r\000m\000a\000t\000i\000o\000n\000\040\000a\000n\000d\000\040\000a\000d\000j\000a\000c\000e\000n\000c\000y}{section.3}% 16
\BOOKMARK [2][-]{subsection.3.3}{\376\377\0003\000.\0003\000\040\000P\000r\000i\000v\000a\000t\000e\000\040\000a\000g\000g\000r\000e\000g\000a\000t\000i\000o\000n\000\040\000m\000e\000c\000h\000a\000n\000i\000s\000m}{section.3}% 17
\BOOKMARK [2][-]{subsection.3.4}{\376\377\0003\000.\0004\000\040\000R\000e\000l\000e\000a\000s\000e\000\040\000s\000c\000o\000p\000e\000\040\000a\000n\000d\000\040\000l\000o\000c\000a\000l\000\040\000p\000e\000r\000s\000o\000n\000a\000l\000i\000z\000a\000t\000i\000o\000n}{section.3}% 18
\BOOKMARK [1][-]{section.4}{\376\377\0004\000\040\000D\000a\000t\000a\000s\000e\000t\000s\000\040\000a\000n\000d\000\040\000e\000v\000a\000l\000u\000a\000t\000i\000o\000n\000\040\000p\000r\000o\000t\000o\000c\000o\000l}{}% 19
\BOOKMARK [2][-]{subsection.4.1}{\376\377\0004\000.\0001\000\040\000M\000o\000v\000i\000e\000L\000e\000n\000s\000-\0001\0000\0000\000K\000\040\000a\000n\000d\000\040\000i\000m\000p\000l\000i\000c\000i\000t\000\040\000c\000o\000n\000v\000e\000r\000s\000i\000o\000n}{section.4}% 20
\BOOKMARK [2][-]{subsection.4.2}{\376\377\0004\000.\0002\000\040\000N\000e\000g\000a\000t\000i\000v\000e\000\040\000s\000a\000m\000p\000l\000i\000n\000g\000\040\000a\000n\000d\000\040\000c\000a\000n\000d\000i\000d\000a\000t\000e\000\040\000f\000i\000l\000t\000e\000r\000i\000n\000g}{section.4}% 21
\BOOKMARK [2][-]{subsection.4.3}{\376\377\0004\000.\0003\000\040\000R\000a\000n\000k\000i\000n\000g\000\040\000m\000e\000t\000r\000i\000c\000s}{section.4}% 22
\BOOKMARK [2][-]{subsection.4.4}{\376\377\0004\000.\0004\000\040\000M\000o\000v\000i\000e\000L\000e\000n\000s\000-\0001\000M\000\040\000r\000e\000p\000l\000i\000c\000a\000t\000i\000o\000n}{section.4}% 23
\BOOKMARK [2][-]{subsection.4.5}{\376\377\0004\000.\0005\000\040\000H\000o\000l\000d\000o\000u\000t\000\040\000e\000x\000p\000o\000s\000u\000r\000e\000\040\000a\000n\000d\000\040\000d\000a\000t\000a\000s\000e\000t\000\040\000l\000i\000m\000i\000t\000a\000t\000i\000o\000n\000s}{section.4}% 24
\BOOKMARK [1][-]{section.5}{\376\377\0005\000\040\000M\000o\000d\000e\000l\000s\000\040\000a\000n\000d\000\040\000i\000m\000p\000l\000e\000m\000e\000n\000t\000a\000t\000i\000o\000n}{}% 25
\BOOKMARK [2][-]{subsection.5.1}{\376\377\0005\000.\0001\000\040\000B\0000\000\040\000a\000n\000d\000\040\000B\0000\000-\000U\000W\000:\000\040\000c\000e\000n\000t\000r\000a\000l\000i\000z\000e\000d\000\040\000c\000o\000n\000t\000r\000o\000l\000s}{section.5}% 26
\BOOKMARK [2][-]{subsection.5.2}{\376\377\0005\000.\0002\000\040\000B\0001\000:\000\040\000f\000e\000d\000e\000r\000a\000t\000e\000d\000\040\000f\000u\000l\000l\000\040\000m\000a\000t\000r\000i\000x\000\040\000w\000i\000t\000h\000o\000u\000t\000\040\000D\000P}{section.5}% 27
\BOOKMARK [2][-]{subsection.5.3}{\376\377\0005\000.\0003\000\040\000B\0002\000:\000\040\000p\000r\000i\000v\000a\000t\000e\000\040\000f\000u\000l\000l\000\040\000m\000a\000t\000r\000i\000x}{section.5}% 28
\BOOKMARK [2][-]{subsection.5.4}{\376\377\0005\000.\0004\000\040\000B\0003\000\040\000a\000n\000d\000\040\000B\0004\000:\000\040\000j\000o\000i\000n\000t\000l\000y\000\040\000t\000r\000a\000i\000n\000e\000d\000\040\000i\000t\000e\000m\000\040\000f\000a\000c\000t\000o\000r\000s}{section.5}% 29
\BOOKMARK [2][-]{subsection.5.5}{\376\377\0005\000.\0005\000\040\000E\0001\000:\000\040\000a\000\040\000s\000e\000p\000a\000r\000a\000t\000e\000l\000y\000\040\000c\000o\000n\000t\000r\000o\000l\000l\000e\000d\000\040\000c\000o\000m\000p\000a\000r\000i\000s\000o\000n}{section.5}% 30
\BOOKMARK [2][-]{subsection.5.6}{\376\377\0005\000.\0006\000\040\000U\000s\000e\000r\000-\000l\000e\000v\000e\000l\000\040\000p\000r\000i\000v\000a\000t\000e\000\040\000p\000o\000p\000u\000l\000a\000r\000i\000t\000y}{section.5}% 31
\BOOKMARK [2][-]{subsection.5.7}{\376\377\0005\000.\0007\000\040\000C\000o\000m\000m\000u\000n\000i\000c\000a\000t\000i\000o\000n\000\040\000a\000c\000c\000o\000u\000n\000t\000i\000n\000g}{section.5}% 32
\BOOKMARK [1][-]{section.6}{\376\377\0006\000\040\000E\000x\000p\000e\000r\000i\000m\000e\000n\000t\000a\000l\000\040\000d\000e\000s\000i\000g\000n\000\040\000a\000n\000d\000\040\000s\000t\000a\000t\000i\000s\000t\000i\000c\000a\000l\000\040\000a\000n\000a\000l\000y\000s\000i\000s}{}% 33
\BOOKMARK [2][-]{subsection.6.1}{\376\377\0006\000.\0001\000\040\000S\000e\000q\000u\000e\000n\000t\000i\000a\000l\000\040\000c\000o\000n\000t\000r\000o\000l\000s\000\040\000a\000n\000d\000\040\000p\000r\000e\000s\000e\000r\000v\000e\000d\000\040\000s\000t\000a\000g\000e\000s}{section.6}% 34
\BOOKMARK [2][-]{subsection.6.2}{\376\377\0006\000.\0002\000\040\000S\000e\000e\000d\000s\000\040\000a\000n\000d\000\040\000p\000a\000i\000r\000e\000d\000\040\000u\000n\000c\000e\000r\000t\000a\000i\000n\000t\000y}{section.6}% 35
\BOOKMARK [2][-]{subsection.6.3}{\376\377\0006\000.\0003\000\040\000R\000a\000n\000k\000\040\000s\000e\000l\000e\000c\000t\000i\000o\000n\000,\000\040\000g\000r\000o\000u\000p\000s\000,\000\040\000a\000n\000d\000\040\000p\000e\000r\000s\000o\000n\000a\000l\000i\000z\000a\000t\000i\000o\000n\000\040\000d\000i\000a\000g\000n\000o\000s\000t\000i\000c\000s}{section.6}% 36
\BOOKMARK [2][-]{subsection.6.4}{\376\377\0006\000.\0004\000\040\000D\000i\000a\000g\000n\000o\000s\000t\000i\000c\000\040\000r\000e\000p\000l\000i\000c\000a\000t\000i\000o\000n\000\040\000a\000n\000d\000\040\000a\000d\000v\000a\000n\000c\000e\000m\000e\000n\000t\000\040\000c\000r\000i\000t\000e\000r\000i\000a}{section.6}% 37
\BOOKMARK [1][-]{section.7}{\376\377\0007\000\040\000R\000e\000s\000u\000l\000t\000s\000\040\000o\000f\000\040\000t\000h\000e\000\040\000h\000i\000s\000t\000o\000r\000i\000c\000a\000l\000\040\000b\000a\000s\000e\000l\000i\000n\000e\000s}{}% 38
\BOOKMARK [2][-]{subsection.7.1}{\376\377\0007\000.\0001\000\040\000S\000a\000n\000i\000t\000y\000\040\000r\000e\000f\000e\000r\000e\000n\000c\000e\000s\000\040\000a\000n\000d\000\040\000c\000e\000n\000t\000r\000a\000l\000i\000z\000e\000d\000\040\000l\000e\000a\000r\000n\000i\000n\000g}{section.7}% 39
\BOOKMARK [2][-]{subsection.7.2}{\376\377\0007\000.\0002\000\040\000N\000o\000n\000p\000r\000i\000v\000a\000t\000e\000\040\000l\000o\000w\000\040\000r\000a\000n\000k}{section.7}% 40
\BOOKMARK [2][-]{subsection.7.3}{\376\377\0007\000.\0003\000\040\000P\000r\000i\000v\000a\000t\000e\000\040\000f\000u\000l\000l\000\040\000m\000a\000t\000r\000i\000x\000\040\000a\000n\000d\000\040\000l\000o\000w\000\040\000r\000a\000n\000k}{section.7}% 41
\BOOKMARK [2][-]{subsection.7.4}{\376\377\0007\000.\0004\000\040\000C\000o\000m\000m\000u\000n\000i\000c\000a\000t\000i\000o\000n\000\040\000a\000n\000d\000\040\000t\000h\000e\000\040\000o\000r\000i\000g\000i\000n\000a\000l\000\040\000h\000y\000p\000o\000t\000h\000e\000s\000i\000s}{section.7}% 42
\BOOKMARK [1][-]{section.8}{\376\377\0008\000\040\000E\0001\000:\000\040\000e\000f\000f\000e\000c\000t\000i\000v\000e\000\040\000n\000o\000i\000s\000e\000\040\000a\000n\000d\000\040\000f\000i\000x\000e\000d\000-\000f\000a\000c\000t\000o\000r\000\040\000t\000r\000a\000i\000n\000i\000n\000g}{}% 43
\BOOKMARK [2][-]{subsection.8.1}{\376\377\0008\000.\0001\000\040\000W\000h\000y\000\040\000t\000h\000e\000\040\000e\000f\000f\000e\000c\000t\000i\000v\000e\000\040\000m\000a\000t\000r\000i\000x\000\040\000m\000a\000t\000t\000e\000r\000s}{section.8}% 44
\BOOKMARK [2][-]{subsection.8.2}{\376\377\0008\000.\0002\000\040\000C\000o\000n\000t\000r\000o\000l\000l\000e\000d\000\040\000u\000t\000i\000l\000i\000t\000y\000\040\000c\000o\000m\000p\000a\000r\000i\000s\000o\000n}{section.8}% 45
\BOOKMARK [2][-]{subsection.8.3}{\376\377\0008\000.\0003\000\040\000T\000h\000e\000\040\000p\000r\000i\000v\000a\000t\000e\000\040\000p\000o\000p\000u\000l\000a\000r\000i\000t\000y\000\040\000b\000a\000s\000e\000l\000i\000n\000e\000\040\000c\000h\000a\000n\000g\000e\000s\000\040\000t\000h\000e\000\040\000r\000e\000f\000e\000r\000e\000n\000c\000e\000\040\000p\000o\000i\000n\000t}{section.8}% 46
\BOOKMARK [2][-]{subsection.8.4}{\376\377\0008\000.\0004\000\040\000M\000e\000a\000s\000u\000r\000e\000d\000\040\000g\000e\000o\000m\000e\000t\000r\000y\000,\000\040\000c\000l\000i\000p\000p\000i\000n\000g\000,\000\040\000a\000n\000d\000\040\000n\000u\000m\000e\000r\000i\000c\000a\000l\000\040\000b\000e\000h\000a\000v\000i\000o\000r}{section.8}% 47
\BOOKMARK [2][-]{subsection.8.5}{\376\377\0008\000.\0005\000\040\000A\000c\000t\000i\000v\000i\000t\000y\000\040\000g\000r\000o\000u\000p\000s\000\040\000a\000n\000d\000\040\000p\000e\000r\000s\000o\000n\000a\000l\000i\000z\000a\000t\000i\000o\000n\000\040\000a\000b\000l\000a\000t\000i\000o\000n\000s}{section.8}% 48
\BOOKMARK [2][-]{subsection.8.6}{\376\377\0008\000.\0006\000\040\000R\000e\000c\000o\000m\000m\000e\000n\000d\000a\000t\000i\000o\000n\000-\000s\000p\000e\000c\000i\000f\000i\000c\000\040\000i\000m\000p\000l\000i\000c\000a\000t\000i\000o\000n\000s}{section.8}% 49
\BOOKMARK [1][-]{section.9}{\376\377\0009\000\040\000E\0002\000/\000E\0002\000b\000:\000\040\000l\000o\000c\000a\000l\000-\000s\000t\000a\000t\000e\000\040\000m\000e\000m\000o\000r\000y\000\040\000a\000n\000d\000\040\000n\000o\000i\000s\000e\000\040\000c\000o\000u\000p\000l\000i\000n\000g}{}% 50
\BOOKMARK [2][-]{subsection.9.1}{\376\377\0009\000.\0001\000\040\000Q\000u\000e\000s\000t\000i\000o\000n\000\040\000a\000n\000d\000\040\000i\000n\000t\000e\000r\000v\000e\000n\000t\000i\000o\000n\000\040\000d\000e\000s\000i\000g\000n}{section.9}% 51
\BOOKMARK [2][-]{subsection.9.2}{\376\377\0009\000.\0002\000\040\000S\000c\000o\000r\000e\000\040\000d\000e\000c\000o\000m\000p\000o\000s\000i\000t\000i\000o\000n\000\040\000a\000n\000d\000\040\000m\000e\000a\000s\000u\000r\000e\000m\000e\000n\000t}{section.9}% 52
\BOOKMARK [2][-]{subsection.9.3}{\376\377\0009\000.\0003\000\040\000I\000n\000i\000t\000i\000a\000l\000\040\000f\000i\000n\000d\000i\000n\000g\000s\000\040\000a\000n\000d\000\040\000w\000h\000y\000\040\000a\000\040\000c\000o\000n\000t\000r\000o\000l\000\040\000w\000a\000s\000\040\000n\000e\000e\000d\000e\000d}{section.9}% 53
\BOOKMARK [2][-]{subsection.9.4}{\376\377\0009\000.\0004\000\040\000O\000r\000t\000h\000o\000g\000o\000n\000a\000l\000\040\000a\000l\000i\000g\000n\000m\000e\000n\000t\000\040\000c\000o\000n\000t\000r\000o\000l}{section.9}% 54
\BOOKMARK [2][-]{subsection.9.5}{\376\377\0009\000.\0005\000\040\000V\000e\000r\000i\000f\000i\000c\000a\000t\000i\000o\000n\000\040\000a\000n\000d\000\040\000l\000i\000m\000i\000t\000s}{section.9}% 55
\BOOKMARK [1][-]{section.10}{\376\377\0001\0000\000\040\000E\0003\000:\000\040\000l\000a\000r\000g\000e\000r\000-\000d\000a\000t\000a\000\040\000r\000e\000p\000l\000i\000c\000a\000t\000i\000o\000n\000\040\000a\000n\000d\000\040\000b\000a\000l\000a\000n\000c\000i\000n\000g\000\040\000c\000o\000n\000t\000r\000o\000l\000s}{}% 56
\BOOKMARK [2][-]{subsection.10.1}{\376\377\0001\0000\000.\0001\000\040\000T\000r\000a\000n\000s\000f\000e\000r\000r\000e\000d\000\040\000t\000r\000a\000i\000n\000i\000n\000g\000\040\000a\000n\000d\000\040\000f\000a\000c\000t\000o\000r\000i\000a\000l\000\040\000d\000i\000a\000g\000n\000o\000s\000t\000i\000c}{section.10}% 57
\BOOKMARK [2][-]{subsection.10.2}{\376\377\0001\0000\000.\0002\000\040\000V\000a\000l\000i\000d\000a\000t\000i\000o\000n\000\040\000u\000t\000i\000l\000i\000t\000y}{section.10}% 58
\BOOKMARK [2][-]{subsection.10.3}{\376\377\0001\0000\000.\0003\000\040\000M\000a\000i\000n\000\040\000d\000i\000a\000g\000n\000o\000s\000t\000i\000c\000\040\000r\000e\000s\000u\000l\000t}{section.10}% 59
\BOOKMARK [2][-]{subsection.10.4}{\376\377\0001\0000\000.\0004\000\040\000C\000h\000e\000c\000k\000s\000\040\000a\000n\000d\000\040\000r\000e\000s\000e\000a\000r\000c\000h\000\040\000d\000e\000c\000i\000s\000i\000o\000n}{section.10}% 60
\BOOKMARK [1][-]{section.11}{\376\377\0001\0001\000\040\000E\0004\000:\000\040\000a\000\040\000c\000o\000n\000d\000i\000t\000i\000o\000n\000a\000l\000\040\000r\000a\000n\000k\000i\000n\000g\000-\000t\000a\000i\000l\000\040\000s\000c\000r\000e\000e\000n}{}% 61
\BOOKMARK [2][-]{subsection.11.1}{\376\377\0001\0001\000.\0001\000\040\000C\000a\000n\000d\000i\000d\000a\000t\000e\000\040\000e\000x\000p\000l\000a\000n\000a\000t\000i\000o\000n\000\040\000a\000n\000d\000\040\000e\000s\000t\000a\000b\000l\000i\000s\000h\000e\000d\000\040\000m\000a\000t\000h\000e\000m\000a\000t\000i\000c\000s}{section.11}% 62
\BOOKMARK [2][-]{subsection.11.2}{\376\377\0001\0001\000.\0002\000\040\000S\000y\000n\000t\000h\000e\000t\000i\000c\000\040\000c\000h\000e\000c\000k\000s\000\040\000a\000n\000d\000\040\000r\000e\000a\000l\000-\000s\000t\000a\000t\000e\000\040\000s\000e\000l\000e\000c\000t\000i\000o\000n}{section.11}% 63
\BOOKMARK [2][-]{subsection.11.3}{\376\377\0001\0001\000.\0003\000\040\000O\000u\000t\000c\000o\000m\000e\000\040\000a\000n\000d\000\040\000n\000u\000m\000e\000r\000i\000c\000a\000l\000\040\000s\000c\000o\000p\000e}{section.11}% 64
\BOOKMARK [1][-]{section.12}{\376\377\0001\0002\000\040\000D\000i\000s\000c\000u\000s\000s\000i\000o\000n\000,\000\040\000l\000i\000m\000i\000t\000a\000t\000i\000o\000n\000s\000,\000\040\000a\000n\000d\000\040\000c\000o\000n\000c\000l\000u\000s\000i\000o\000n\000s}{}% 65
\BOOKMARK [2][-]{subsection.12.1}{\376\377\0001\0002\000.\0001\000\040\000A\000n\000s\000w\000e\000r\000s\000\040\000t\000o\000\040\000t\000h\000e\000\040\000r\000e\000s\000e\000a\000r\000c\000h\000\040\000q\000u\000e\000s\000t\000i\000o\000n\000s}{section.12}% 66
\BOOKMARK [2][-]{subsection.12.2}{\376\377\0001\0002\000.\0002\000\040\000W\000h\000a\000t\000\040\000t\000h\000e\000\040\000c\000o\000m\000b\000i\000n\000e\000d\000\040\000e\000v\000i\000d\000e\000n\000c\000e\000\040\000e\000x\000p\000l\000a\000i\000n\000s}{section.12}% 67
\BOOKMARK [2][-]{subsection.12.3}{\376\377\0001\0002\000.\0003\000\040\000T\000h\000r\000e\000a\000t\000s\000\040\000t\000o\000\040\000v\000a\000l\000i\000d\000i\000t\000y}{section.12}% 68
\BOOKMARK [2][-]{subsection.12.4}{\376\377\0001\0002\000.\0004\000\040\000F\000u\000t\000u\000r\000e\000\040\000w\000o\000r\000k\000\040\000j\000u\000s\000t\000i\000f\000i\000e\000d\000\040\000b\000y\000\040\000t\000h\000e\000\040\000e\000v\000i\000d\000e\000n\000c\000e}{section.12}% 69
\BOOKMARK [2][-]{subsection.12.5}{\376\377\0001\0002\000.\0005\000\040\000C\000o\000n\000c\000l\000u\000s\000i\000o\000n}{section.12}% 70
\BOOKMARK [1][-]{section*.30}{\376\377\000R\000e\000f\000e\000r\000e\000n\000c\000e\000s}{}% 71
\BOOKMARK [1][-]{appendix.A}{\376\377\000A\000\040\000M\000a\000t\000h\000e\000m\000a\000t\000i\000c\000a\000l\000\040\000d\000e\000r\000i\000v\000a\000t\000i\000o\000n\000s\000\040\000a\000n\000d\000\040\000d\000i\000a\000g\000n\000o\000s\000t\000i\000c\000\040\000i\000d\000e\000n\000t\000i\000t\000i\000e\000s}{}% 72
\BOOKMARK [2][-]{subsection.A.1}{\376\377\000A\000.\0001\000\040\000C\000o\000n\000d\000i\000t\000i\000o\000n\000a\000l\000\040\000e\000f\000f\000e\000c\000t\000i\000v\000e\000-\000m\000a\000t\000r\000i\000x\000\040\000m\000o\000m\000e\000n\000t\000s}{appendix.A}% 73
\BOOKMARK [2][-]{subsection.A.2}{\376\377\000A\000.\0002\000\040\000S\000c\000o\000r\000e\000\040\000m\000o\000m\000e\000n\000t\000s\000\040\000a\000n\000d\000\040\000p\000a\000i\000r\000w\000i\000s\000e\000\040\000m\000a\000r\000g\000i\000n\000s}{appendix.A}% 74
\BOOKMARK [2][-]{subsection.A.3}{\376\377\000A\000.\0003\000\040\000S\000c\000a\000l\000e\000\040\000c\000h\000a\000n\000g\000e\000s\000,\000\040\000b\000a\000l\000a\000n\000c\000i\000n\000g\000,\000\040\000a\000n\000d\000\040\000c\000l\000i\000p\000p\000i\000n\000g}{appendix.A}% 75
\BOOKMARK [2][-]{subsection.A.4}{\376\377\000A\000.\0004\000\040\000F\000i\000x\000e\000d\000B\000\040\000s\000c\000o\000r\000e\000\040\000c\000a\000p\000a\000c\000i\000t\000y\000\040\000a\000n\000d\000\040\000r\000e\000g\000u\000l\000a\000r\000i\000z\000a\000t\000i\000o\000n}{appendix.A}% 76
\BOOKMARK [2][-]{subsection.A.5}{\376\377\000A\000.\0005\000\040\000A\000\040\000p\000r\000o\000d\000u\000c\000t\000-\000p\000r\000e\000s\000e\000r\000v\000i\000n\000g\000\040\000c\000o\000u\000p\000l\000i\000n\000g\000\040\000n\000u\000l\000l\000\040\000e\000x\000a\000m\000p\000l\000e}{appendix.A}% 77
\BOOKMARK [2][-]{subsection.A.6}{\376\377\000A\000.\0006\000\040\000E\000x\000a\000c\000t\000\040\000c\000o\000n\000d\000i\000t\000i\000o\000n\000a\000l\000\040\000m\000a\000r\000g\000i\000n\000\040\000l\000a\000w\000\040\000a\000n\000d\000\040\000n\000u\000m\000e\000r\000i\000c\000a\000l\000\040\000e\000v\000a\000l\000u\000a\000t\000i\000o\000n}{appendix.A}% 78
\BOOKMARK [2][-]{subsection.A.7}{\376\377\000A\000.\0007\000\040\000A\000n\000a\000l\000y\000t\000i\000c\000\040\000G\000a\000u\000s\000s\000i\000a\000n\000\040\000c\000a\000l\000i\000b\000r\000a\000t\000i\000o\000n\000\040\000f\000o\000r\000\040\000p\000o\000p\000u\000l\000a\000r\000i\000t\000y}{appendix.A}% 79
\BOOKMARK [1][-]{appendix.B}{\376\377\000B\000\040\000I\000m\000p\000l\000e\000m\000e\000n\000t\000a\000t\000i\000o\000n\000\040\000d\000e\000t\000a\000i\000l\000s\000\040\000a\000n\000d\000\040\000a\000l\000g\000o\000r\000i\000t\000h\000m\000\040\000r\000e\000c\000o\000r\000d}{}% 80
\BOOKMARK [2][-]{subsection.B.1}{\376\377\000B\000.\0001\000\040\000C\000l\000i\000e\000n\000t\000\040\000u\000p\000d\000a\000t\000e\000\040\000a\000n\000d\000\040\000s\000h\000a\000r\000e\000d\000\040\000a\000g\000g\000r\000e\000g\000a\000t\000i\000o\000n}{appendix.B}% 81
\BOOKMARK [2][-]{subsection.B.2}{\376\377\000B\000.\0002\000\040\000F\000i\000n\000a\000l\000\040\000p\000a\000r\000a\000m\000e\000t\000e\000r\000\040\000r\000e\000g\000i\000s\000t\000e\000r}{appendix.B}% 82
\BOOKMARK [2][-]{subsection.B.3}{\376\377\000B\000.\0003\000\040\000D\000i\000a\000g\000n\000o\000s\000t\000i\000c\000\040\000r\000a\000n\000d\000o\000m\000\040\000s\000t\000r\000e\000a\000m\000s\000\040\000a\000n\000d\000\040\000i\000d\000e\000n\000t\000i\000t\000y\000\040\000c\000h\000e\000c\000k\000s}{appendix.B}% 83
\BOOKMARK [2][-]{subsection.B.4}{\376\377\000B\000.\0004\000\040\000N\000u\000m\000e\000r\000i\000c\000a\000l\000\040\000e\000n\000v\000i\000r\000o\000n\000m\000e\000n\000t\000\040\000a\000n\000d\000\040\000r\000e\000p\000r\000o\000d\000u\000c\000i\000b\000i\000l\000i\000t\000y\000\040\000p\000r\000e\000c\000i\000s\000i\000o\000n}{appendix.B}% 84
\BOOKMARK [2][-]{subsection.B.5}{\376\377\000B\000.\0005\000\040\000C\000o\000m\000m\000u\000n\000i\000c\000a\000t\000i\000o\000n\000\040\000l\000e\000d\000g\000e\000r}{appendix.B}% 85
\BOOKMARK [1][-]{appendix.C}{\376\377\000C\000\040\000M\000a\000t\000e\000r\000i\000a\000l\000\040\000r\000e\000v\000i\000s\000i\000o\000n\000s\000\040\000a\000n\000d\000\040\000h\000y\000p\000o\000t\000h\000e\000s\000i\000s\000\040\000d\000e\000c\000i\000s\000i\000o\000n\000s}{}% 86
\BOOKMARK [2][-]{subsection.C.1}{\376\377\000C\000.\0001\000\040\000W\000h\000y\000\040\000t\000h\000e\000\040\000p\000r\000o\000j\000e\000c\000t\000\040\000h\000i\000s\000t\000o\000r\000y\000\040\000b\000e\000l\000o\000n\000g\000s\000\040\000i\000n\000\040\000t\000h\000e\000\040\000r\000e\000p\000o\000r\000t}{appendix.C}% 87
\BOOKMARK [2][-]{subsection.C.2}{\376\377\000C\000.\0002\000\040\000F\000i\000n\000a\000l\000\040\000h\000y\000p\000o\000t\000h\000e\000s\000i\000s\000\040\000l\000e\000d\000g\000e\000r}{appendix.C}% 88
\BOOKMARK [2][-]{subsection.C.3}{\376\377\000C\000.\0003\000\040\000W\000h\000a\000t\000\040\000w\000a\000s\000\040\000d\000e\000l\000i\000b\000e\000r\000a\000t\000e\000l\000y\000\040\000e\000x\000c\000l\000u\000d\000e\000d\000\040\000f\000r\000o\000m\000\040\000t\000h\000e\000\040\000s\000u\000b\000m\000i\000s\000s\000i\000o\000n\000\040\000t\000a\000b\000l\000e\000s}{appendix.C}% 89
\BOOKMARK [1][-]{appendix.D}{\376\377\000D\000\040\000A\000r\000t\000i\000f\000a\000c\000t\000\040\000p\000r\000o\000v\000e\000n\000a\000n\000c\000e\000\040\000a\000n\000d\000\040\000r\000e\000p\000r\000o\000d\000u\000c\000t\000i\000o\000n\000\040\000g\000u\000i\000d\000e}{}% 90
\BOOKMARK [2][-]{subsection.D.1}{\376\377\000D\000.\0001\000\040\000S\000e\000p\000a\000r\000a\000t\000i\000o\000n\000\040\000o\000f\000\040\000e\000v\000i\000d\000e\000n\000c\000e\000,\000\040\000r\000e\000p\000o\000r\000t\000\040\000s\000o\000u\000r\000c\000e\000,\000\040\000a\000n\000d\000\040\000g\000e\000n\000e\000r\000a\000t\000e\000d\000\040\000o\000u\000t\000p\000u\000t}{appendix.D}% 91
\BOOKMARK [2][-]{subsection.D.2}{\376\377\000D\000.\0002\000\040\000D\000a\000t\000a\000\040\000f\000i\000n\000g\000e\000r\000p\000r\000i\000n\000t\000s}{appendix.D}% 92
\BOOKMARK [2][-]{subsection.D.3}{\376\377\000D\000.\0003\000\040\000E\000v\000i\000d\000e\000n\000c\000e\000\040\000c\000h\000e\000c\000k\000s}{appendix.D}% 93
\BOOKMARK [2][-]{subsection.D.4}{\376\377\000D\000.\0004\000\040\000R\000e\000b\000u\000i\000l\000d\000i\000n\000g\000\040\000t\000h\000e\000\040\000s\000u\000b\000m\000i\000s\000s\000i\000o\000n}{appendix.D}% 94
\BOOKMARK [2][-]{subsection.D.5}{\376\377\000D\000.\0005\000\040\000S\000u\000p\000p\000l\000e\000m\000e\000n\000t\000a\000r\000y\000\040\000m\000a\000t\000e\000r\000i\000a\000l\000\040\000a\000n\000d\000\040\000s\000o\000u\000r\000c\000e\000\040\000m\000a\000p}{appendix.D}% 95
